{
    "ag1000 - vcf - stub": {
        "content": [
            {
                "0": [
                    [
                        {
                            "id": "ag1000_test"
                        },
                        [
                            "dxy.txt:md5,d41d8cd98f00b204e9800998ecf8427e",
                            "fst.txt:md5,d41d8cd98f00b204e9800998ecf8427e",
                            "pi.txt:md5,d41d8cd98f00b204e9800998ecf8427e"
                        ]
                    ]
                ],
                "1": [
                    "versions.yml:md5,8407a4a272421bd5c74dc22665d14a3d"
                ],
                "stats": [
                    [
                        {
                            "id": "ag1000_test"
                        },
                        [
                            "dxy.txt:md5,d41d8cd98f00b204e9800998ecf8427e",
                            "fst.txt:md5,d41d8cd98f00b204e9800998ecf8427e",
                            "pi.txt:md5,d41d8cd98f00b204e9800998ecf8427e"
                        ]
                    ]
                ],
                "versions": [
                    "versions.yml:md5,8407a4a272421bd5c74dc22665d14a3d"
                ]
            }
        ],
        "meta": {
            "nf-test": "0.9.2",
            "nextflow": "25.04.2"
        },
        "timestamp": "2025-10-27T09:22:54.398254423"
    },
    "ag1000 - vcf": {
        "content": [
            {
                "0": [
                    [
                        {
                            "id": "ag1000_test"
                        },
                        [
                            "ag1000_test_dxy.txt:md5,f51ccb79b8a0cd7fa09f2f48ebf34f3f",
                            "ag1000_test_fst.txt:md5,51835f97847b485dc02fbb5848bf21fc",
                            "ag1000_test_pi.txt:md5,370ded40ded7d1b2d3c50aebefbd0da7"
                        ]
                    ]
                ],
                "1": [
                    "versions.yml:md5,8407a4a272421bd5c74dc22665d14a3d"
                ],
                "stats": [
                    [
                        {
                            "id": "ag1000_test"
                        },
                        [
                            "ag1000_test_dxy.txt:md5,f51ccb79b8a0cd7fa09f2f48ebf34f3f",
                            "ag1000_test_fst.txt:md5,51835f97847b485dc02fbb5848bf21fc",
                            "ag1000_test_pi.txt:md5,370ded40ded7d1b2d3c50aebefbd0da7"
                        ]
                    ]
                ],
                "versions": [
                    "versions.yml:md5,8407a4a272421bd5c74dc22665d14a3d"
                ]
            }
        ],
        "meta": {
            "nf-test": "0.9.2",
            "nextflow": "25.04.2"
        },
        "timestamp": "2025-10-27T09:22:14.237587056"
    }
}